execve("./dec_maze", ["./dec_maze"], 0x7ffdd9386ea0 /* 29 vars */) = 0
brk(NULL)                               = 0x5625abe1d000
mmap(NULL, 8192, PROT_READ|PROT_WRITE, MAP_PRIVATE|MAP_ANONYMOUS, -1, 0) = 0x7f5912795000
access("/etc/ld.so.preload", R_OK)      = -1 ENOENT (No such file or directory)
openat(AT_FDCWD, "/etc/ld.so.cache", O_RDONLY|O_CLOEXEC) = 5
fstat(5, {st_mode=S_IFREG|0644, st_size=38275, ...}) = 0
mmap(NULL, 38275, PROT_READ, MAP_PRIVATE, 5, 0) = 0x7f591278b000
close(5)                                = 0
openat(AT_FDCWD, "/lib/x86_64-linux-gnu/libc.so.6", O_RDONLY|O_CLOEXEC) = 5
read(5, "\177ELF\2\1\1\3\0\0\0\0\0\0\0\0\3\0>\0\1\0\0\0\220\243\2\0\0\0\0\0"..., 832) = 832
pread64(5, "\6\0\0\0\4\0\0\0@\0\0\0\0\0\0\0@\0\0\0\0\0\0\0@\0\0\0\0\0\0\0"..., 784, 64) = 784
fstat(5, {st_mode=S_IFREG|0755, st_size=2125328, ...}) = 0
pread64(5, "\6\0\0\0\4\0\0\0@\0\0\0\0\0\0\0@\0\0\0\0\0\0\0@\0\0\0\0\0\0\0"..., 784, 64) = 784
mmap(NULL, 2170256, PROT_READ, MAP_PRIVATE|MAP_DENYWRITE, 5, 0) = 0x7f5912579000
mmap(0x7f59125a1000, 1605632, PROT_READ|PROT_EXEC, MAP_PRIVATE|MAP_FIXED|MAP_DENYWRITE, 5, 0x28000) = 0x7f59125a1000
mmap(0x7f5912729000, 323584, PROT_READ, MAP_PRIVATE|MAP_FIXED|MAP_DENYWRITE, 5, 0x1b0000) = 0x7f5912729000
mmap(0x7f5912778000, 24576, PROT_READ|PROT_WRITE, MAP_PRIVATE|MAP_FIXED|MAP_DENYWRITE, 5, 0x1fe000) = 0x7f5912778000
mmap(0x7f591277e000, 52624, PROT_READ|PROT_WRITE, MAP_PRIVATE|MAP_FIXED|MAP_ANONYMOUS, -1, 0) = 0x7f591277e000
close(5)                                = 0
mmap(NULL, 12288, PROT_READ|PROT_WRITE, MAP_PRIVATE|MAP_ANONYMOUS, -1, 0) = 0x7f5912576000
arch_prctl(ARCH_SET_FS, 0x7f5912576740) = 0
set_tid_address(0x7f5912576a10)         = 27904
set_robust_list(0x7f5912576a20, 24)     = 0
rseq(0x7f5912577060, 0x20, 0, 0x53053053) = 0
mprotect(0x7f5912778000, 16384, PROT_READ) = 0
mprotect(0x56258faa3000, 4096, PROT_READ) = 0
mprotect(0x7f59127cd000, 8192, PROT_READ) = 0
prlimit64(0, RLIMIT_STACK, NULL, {rlim_cur=8192*1024, rlim_max=RLIM64_INFINITY}) = 0
munmap(0x7f591278b000, 38275)           = 0
fstat(0, {st_mode=S_IFIFO|0600, st_size=0, ...}) = 0
getrandom("\x70\x24\xb9\x85\x91\xb1\x26\xb4", 8, GRND_NONBLOCK) = 8
brk(NULL)                               = 0x5625abe1d000
brk(0x5625abe3e000)                     = 0x5625abe3e000
read(0, "HTB{w0W_Y0u_C0uld_E5c4p3_Th1s_M4"..., 4096) = 35
fstat(1, {st_mode=S_IFSOCK|0777, st_size=0, ...}) = 0
write(1, "Well done for escaping the maze."..., 35) = 35
exit_group(0)                           = ?
+++ exited with 0 +++
